------------------------------------------------------------
Timing Analyzer Summary
------------------------------------------------------------

Type  : Slow 1200mV 85C Model Setup 'CLOCK_50'
Slack : -6.842
TNS   : -278.513

Type  : Slow 1200mV 85C Model Setup 'clk25MHz'
Slack : -2.350
TNS   : -41.797

Type  : Slow 1200mV 85C Model Hold 'CLOCK_50'
Slack : 0.321
TNS   : 0.000

Type  : Slow 1200mV 85C Model Hold 'clk25MHz'
Slack : 0.438
TNS   : 0.000

Type  : Slow 1200mV 85C Model Minimum Pulse Width 'CLOCK_50'
Slack : -3.000
TNS   : -103.230

Type  : Slow 1200mV 85C Model Minimum Pulse Width 'clk25MHz'
Slack : -1.285
TNS   : -25.700

Type  : Slow 1200mV 0C Model Setup 'CLOCK_50'
Slack : -6.143
TNS   : -246.783

Type  : Slow 1200mV 0C Model Setup 'clk25MHz'
Slack : -2.060
TNS   : -36.516

Type  : Slow 1200mV 0C Model Hold 'CLOCK_50'
Slack : 0.311
TNS   : 0.000

Type  : Slow 1200mV 0C Model Hold 'clk25MHz'
Slack : 0.396
TNS   : 0.000

Type  : Slow 1200mV 0C Model Minimum Pulse Width 'CLOCK_50'
Slack : -3.000
TNS   : -103.230

Type  : Slow 1200mV 0C Model Minimum Pulse Width 'clk25MHz'
Slack : -1.285
TNS   : -25.700

Type  : Fast 1200mV 0C Model Setup 'CLOCK_50'
Slack : -2.896
TNS   : -95.867

Type  : Fast 1200mV 0C Model Setup 'clk25MHz'
Slack : -0.592
TNS   : -9.608

Type  : Fast 1200mV 0C Model Hold 'CLOCK_50'
Slack : 0.107
TNS   : 0.000

Type  : Fast 1200mV 0C Model Hold 'clk25MHz'
Slack : 0.198
TNS   : 0.000

Type  : Fast 1200mV 0C Model Minimum Pulse Width 'CLOCK_50'
Slack : -3.000
TNS   : -87.570

Type  : Fast 1200mV 0C Model Minimum Pulse Width 'clk25MHz'
Slack : -1.000
TNS   : -20.000

------------------------------------------------------------
