------------------------------------------------------------
Timing Analyzer Summary
------------------------------------------------------------

Type  : Slow 1200mV 85C Model Setup 'CLOCK_50'
Slack : -6.786
TNS   : -359.216

Type  : Slow 1200mV 85C Model Setup 'clk25MHz'
Slack : -2.356
TNS   : -41.066

Type  : Slow 1200mV 85C Model Hold 'CLOCK_50'
Slack : 0.444
TNS   : 0.000

Type  : Slow 1200mV 85C Model Hold 'clk25MHz'
Slack : 0.471
TNS   : 0.000

Type  : Slow 1200mV 85C Model Minimum Pulse Width 'CLOCK_50'
Slack : -3.000
TNS   : -105.800

Type  : Slow 1200mV 85C Model Minimum Pulse Width 'clk25MHz'
Slack : -1.285
TNS   : -25.700

Type  : Slow 1200mV 0C Model Setup 'CLOCK_50'
Slack : -6.056
TNS   : -321.602

Type  : Slow 1200mV 0C Model Setup 'clk25MHz'
Slack : -2.051
TNS   : -35.533

Type  : Slow 1200mV 0C Model Hold 'CLOCK_50'
Slack : 0.402
TNS   : 0.000

Type  : Slow 1200mV 0C Model Hold 'clk25MHz'
Slack : 0.422
TNS   : 0.000

Type  : Slow 1200mV 0C Model Minimum Pulse Width 'CLOCK_50'
Slack : -3.000
TNS   : -105.800

Type  : Slow 1200mV 0C Model Minimum Pulse Width 'clk25MHz'
Slack : -1.285
TNS   : -25.700

Type  : Fast 1200mV 0C Model Setup 'CLOCK_50'
Slack : -2.815
TNS   : -135.411

Type  : Fast 1200mV 0C Model Setup 'clk25MHz'
Slack : -0.649
TNS   : -9.556

Type  : Fast 1200mV 0C Model Hold 'CLOCK_50'
Slack : 0.206
TNS   : 0.000

Type  : Fast 1200mV 0C Model Hold 'clk25MHz'
Slack : 0.217
TNS   : 0.000

Type  : Fast 1200mV 0C Model Minimum Pulse Width 'CLOCK_50'
Slack : -3.000
TNS   : -88.131

Type  : Fast 1200mV 0C Model Minimum Pulse Width 'clk25MHz'
Slack : -1.000
TNS   : -20.000

------------------------------------------------------------
